// Jest Snapshot v1, https://goo.gl/fbAQLP

exports[`Pruebas en <TodoList /> Debe de mostrar el componente correctamente 1`] = `
<ul
  className="list-group list-group-flush"
>
  <TodoListItem
    handleDelete={[MockFunction]}
    handleToggle={[MockFunction]}
    index={0}
    key="1"
    todo={
      Object {
        "description": "Aprender React",
        "done": false,
        "id": 1,
      }
    }
  />
  <TodoListItem
    handleDelete={[MockFunction]}
    handleToggle={[MockFunction]}
    index={1}
    key="2"
    todo={
      Object {
        "description": "Aprender MongoDB",
        "done": false,
        "id": 2,
      }
    }
  />
</ul>
`;
