// Jest Snapshot v1, https://goo.gl/fbAQLP

exports[`Pruebas en el <HomeScreen /> Debe de mostrar el componente correctamente 1`] = `
<div>
  <h1>
    HomeScreen
  </h1>
  <hr />
  <pre>
    {
   "name": "Federico",
   "email": "fede@mail.com"
}
  </pre>
</div>
`;
