// Jest Snapshot v1, https://goo.gl/fbAQLP

exports[`pruebas en <AddCategory /> debe de mostrarse conrrectamente 1`] = `
<form
  onSubmit={[Function]}
>
  <input
    onChange={[Function]}
    placeholder="Search in here for your favorite giffs!..."
    type="text"
    value=""
  />
</form>
`;
