// Jest Snapshot v1, https://goo.gl/fbAQLP

exports[`pruebas en <HookApp /> It should print the component correctly 1`] = `
<div>
  <h1>
    Hola Mundo
  </h1>
</div>
`;
